// Jest Snapshot v1, https://goo.gl/fbAQLP

exports[`match snapshot 1`] = `
<div
  className="form-group form-group-url"
>
  <div
    className="form-group-label"
  >
    <label
      className="control-label"
      htmlFor={null}
    >
      Label
    </label>
  </div>
  <div
    className="form-group-inner"
    style={
      Object {
        "display": "block",
      }
    }
  >
    <div
      className="input-group"
    >
      <span
        className="input-group-prepend"
      >
        <span
          className="input-group-text"
        >
          https://
        </span>
      </span>
      <input
        className="form-control field-text"
        disabled={false}
        id={null}
        name={null}
        onBlur={null}
        onChange={[Function]}
        onFocus={null}
        placeholder={null}
        type="text"
        value="google.com"
      />
    </div>
  </div>
</div>
`;
