// Jest Snapshot v1, https://goo.gl/fbAQLP

exports[`match snapshot 1`] = `
<div
  className="form-group form-group-text"
>
  <label
    className="control-label"
    htmlFor={null}
  >
    Label
  </label>
  <div
    className="form-group-inner"
    style={
      Object {
        "display": "block",
      }
    }
  >
    <input
      className="field-text form-control"
      disabled={false}
      id={null}
      name={null}
      onChange={[Function]}
      placeholder={null}
      type="text"
      value="value"
    />
  </div>
</div>
`;
