// Jest Snapshot v1, https://goo.gl/fbAQLP

exports[`match snapshot 1`] = `
<div
  className={undefined}
>
  <div
    className={undefined}
  >
    <nav
      className="navbar navbar-expand-lg navbar-light bg-light"
    >
      <a
        className="navbar-brand"
        href="#"
        onClick={[Function]}
      >
        Panneau
      </a>
      <button
        aria-expanded="false"
        className="navbar-toggler"
        onClick={[Function]}
        type="button"
      >
        <span
          className="sr-only"
        >
          Menu
        </span>
        <span
          className="navbar-toggler-icon"
        />
      </button>
      <div
        className="collapse navbar-collapse"
      >
        <ul
          className="navbar-nav mr-auto"
        />
        <ul
          className="navbar-nav mr-auto navbar-right"
        />
      </div>
    </nav>
  </div>
</div>
`;
